// Jest Snapshot v1, https://goo.gl/fbAQLP

exports[`NonfungiblePositionManager #burn gas 1`] = `66072`;

exports[`NonfungiblePositionManager #collect gas transfers both 1`] = `119129`;

exports[`NonfungiblePositionManager #collect gas transfers token0 only 1`] = `112056`;

exports[`NonfungiblePositionManager #collect gas transfers token1 only 1`] = `112263`;

exports[`NonfungiblePositionManager #createAndInitializePoolIfNecessary gas 1`] = `4590497`;

exports[`NonfungiblePositionManager #decreaseLiquidity gas complete decrease 1`] = `148800`;

exports[`NonfungiblePositionManager #decreaseLiquidity gas partial decrease 1`] = `161534`;

exports[`NonfungiblePositionManager #increaseLiquidity gas 1`] = `176859`;

exports[`NonfungiblePositionManager #mint gas first mint for pool 1`] = `619777`;

exports[`NonfungiblePositionManager #mint gas first mint for pool using eth with non-zero refund 1`] = `630068`;

exports[`NonfungiblePositionManager #mint gas first mint for pool using eth with zero refund 1`] = `622843`;

exports[`NonfungiblePositionManager #mint gas mint for same pool, different ticks 1`] = `452176`;

exports[`NonfungiblePositionManager #mint gas mint on same ticks 1`] = `344995`;

exports[`NonfungiblePositionManager #permit owned by eoa gas 1`] = `64598`;

exports[`NonfungiblePositionManager #permit owned by verifying contract gas 1`] = `68437`;

exports[`NonfungiblePositionManager #positions gas 1`] = `19984`;

exports[`NonfungiblePositionManager #transferFrom gas 1`] = `109686`;

exports[`NonfungiblePositionManager #transferFrom gas comes from approved 1`] = `108292`;

exports[`NonfungiblePositionManager bytecode size 1`] = `22974`;

exports[`NonfungiblePositionManager multicall exit gas 1`] = `228912`;
