// Jest Snapshot v1, https://goo.gl/fbAQLP

exports[`PoolAddress #computeAddress gas cost 1`] = `642`;

exports[`PoolAddress #computeAddress matches example from core repo 1`] = `"0xCDAfD299f4b7F49Af9c0635CeFF8804aBee14EA3"`;
