// Jest Snapshot v1, https://goo.gl/fbAQLP

exports[`PositionValue #fees when price is above the position range gas 1`] = `47786`;

exports[`PositionValue #fees when price is below the position range gas 1`] = `47754`;

exports[`PositionValue #fees when price is within the position range gas 1`] = `53344`;

exports[`PositionValue #principal gas 1`] = `23095`;

exports[`PositionValue #total gas 1`] = `59999`;
